// Jest Snapshot v1, https://goo.gl/fbAQLP

exports[`<MonoText /> renders consistently (snapshot) 1`] = `
<Text
  style={
    [
      undefined,
      {
        "fontFamily": "SpaceMono",
      },
    ]
  }
  testID="mono-text"
>
  Snapshot test!
</Text>
`;

exports[`renders correctly 1`] = `null`;
